flutter : [36mWasm d
ry run[39m
위치 줄:1 문자:1
+ flutter build web -
-release 2> build_err
ors.txt
+ ~~~~~~~~~~~~~~~~~~~
~~~~~~~~~~~~~~~~~~~~~
~~~~~~~
    + CategoryInfo   
           : NotSpe  
  cified: ([36mWa   
 sm dry run[39m:    
String) [], Remo    t
eException
    + FullyQualified 
   ErrorId : Native  
  CommandError
 
[36msucceeded. Consi
der[39m
[36mbuilding and tes
ting[39m
[36myour application
 with[39m
[36mthe `--wasm` fla
g. See[39m
[36mdocs for more in
fo:[39m
[36mhttps://docs.flu
tter.d[39m
[36mev/platform-inte
gratio[39m
[36mn/web/wasm[39m
[36mUse --no-wasm-dr
y-run[39m
[36mto disable these
[39m
[36mwarnings.[39m
[31mTarget dart2js f
ailed:[39m
[31mProcessException
:[39m
[31mProcess exited[
39m
[31mabnormally with 
exit[39m
[31mcode 1:[39m
[31mlib/features/hom
e/widg[39m
[31mets/chart_panel_
web.da[39m
[31mrt:275:8:[39m
[31mError:[39m
[31m'didUpdateWidget
' is[39m
[31malready declared
 in[39m
[31mthis scope.[39m
[31m  void[39m
[31m  didUpdateWidge
t(Char[39m
[31m  tPanel oldWidg
et) {[39m
[31m       ^^^^^^^^^
^^^^^^[39m
[31mlib/features/hom
e/widg[39m
[31mets/chart_panel_
web.da[39m
[31mrt:68:8:[39m
[31mInfo: Previous[
39m
[31mdeclaration of[
39m
[31m'didUpdateWidget
'.[39m
[31m  void[39m
[31m  didUpdateWidge
t(Char[39m
[31m  tPanel oldWidg
et) {[39m
[31m       ^^^^^^^^^
^^^^^^[39m
[31mlib/features/tra
de/wid[39m
[31mgets/trade_layou
t.dart[39m
[31m:93:17:[39m
[31mError: The metho
d[39m
[31m'MarketSidePanel
'[39m
[31misn't defined fo
r the[39m
[31mtype 'TradeLayou
t'.[39m
[31m - 'TradeLayout'
 is[39m
[31m from[39m
[31m 'package:mock_i
nvestm[39m
[31m ent_app/feature
s/trad[39m
[31m e/widgets/trade
_layou[39m
[31m t.dart'[39m
[31m ('lib/features/
trade/[39m
[31m widgets/trade_l
ayout.[39m
[31m dart').[39m
[31m            Mark
etSide[39m
[31m            Pane
l([39m
[31m            ^^^^
^^^^^^[39m
[31m            ^^^^
^[39m
[31mlib/features/tra
de/wid[39m
[31mgets/trade_layou
t.dart[39m
[31m:144:20:[39m
[31mError: The metho
d[39m
[31m'MarketSidePanel
'[39m
[31misn't defined fo
r the[39m
[31mtype 'TradeLayou
t'.[39m
[31m - 'TradeLayout'
 is[39m
[31m from[39m
[31m 'package:mock_i
nvestm[39m
[31m ent_app/feature
s/trad[39m
[31m e/widgets/trade
_layou[39m
[31m t.dart'[39m
[31m ('lib/features/
trade/[39m
[31m widgets/trade_l
ayout.[39m
[31m dart').[39m
[31m            chil
d:[39m
[31m            Mark
etSide[39m
[31m            Pane
l([39m
[31m            ^^^^
^^^^^^[39m
[31m            ^^^^
^[39m
[31mlib/features/tra
de/wid[39m
[31mgets/trade_layou
t.dart[39m
[31m:207:26:[39m
[31mError: The metho
d[39m
[31m'MarketSidePanel
'[39m
[31misn't defined fo
r the[39m
[31mtype 'TradeLayou
t'.[39m
[31m - 'TradeLayout'
 is[39m
[31m from[39m
[31m 'package:mock_i
nvestm[39m
[31m ent_app/feature
s/trad[39m
[31m e/widgets/trade
_layou[39m
[31m t.dart'[39m
[31m ('lib/features/
trade/[39m
[31m widgets/trade_l
ayout.[39m
[31m dart').[39m
[31m            chil
d:[39m
[31m            Mark
etSide[39m
[31m            Pane
l([39m
[31m            ^^^^
^^^^^^[39m
[31m            ^^^^
^[39m
[31mError: Compilati
on[39m
[31mfailed.[39m
[31m  Command:[39m
[31m  C:\flutter\bin
\cache[39m
[31m  \dart-sdk\bin\
dart.e[39m
[31m  xe compile js
[39m
[31m  --platform-bin
aries=[39m
[31m  C:\flutter\bin
\cache[39m
[31m  \flutter_web_s
dk\ker[39m
[31m  nel[39m
[31m  --invoker=flut
ter_to[39m
[31m  ol[39m
[31m  -Ddart.vm.prod
uct=tr[39m
[31m  ue[39m
[31m  -DFLUTTER_VERS
ION=3.[39m
[31m  38.5[39m
[31m  -DFLUTTER_CHAN
NEL=st[39m
[31m  able[39m
[31m  -DFLUTTER_GIT_
URL=ht[39m
[31m  tps://github.c
om/flu[39m
[31m  tter/flutter.g
it[39m
[31m  -DFLUTTER_FRAM
EWORK_[39m
[31m  REVISION=f6ff1
529fd[39m
[31m  -DFLUTTER_ENGI
NE_REV[39m
[31m  ISION=1527ae0e
c5[39m
[31m  -DFLUTTER_DART
_VERSI[39m
[31m  ON=3.10.4[39m
[31m  -DFLUTTER_WEB_
USE_SK[39m
[31m  IA=true[39m
[31m  -DFLUTTER_WEB_
USE_SK[39m
[31m  WASM=false[39
m
[31m  -DFLUTTER_WEB_
CANVAS[39m
[31m  KIT_URL=https:
//www.[39m
[31m  gstatic.com/fl
utter-[39m
[31m  canvaskit/1527
ae0ec5[39m
[31m  77a4ef50e65f6f
efcfc1[39m
[31m  326707d9bf/[3
9m
[31m  --native-null-
assert[39m
[31m  ions[39m
[31m  --no-source-ma
ps -O4[39m
[31m  --minify -o[3
9m
[31m  C:\Users\abcde
\.gemi[39m
[31m  ni\antigravity
\scrat[39m
[31m  ch\mock_invest
ment_a[39m
[31m  pp\.dart_tool\
flutte[39m
[31m  r_build\38d319
61a0df[39m
[31m  8bf7e7bc338cf6
909dd0[39m
[31m  \app.dill[39m
[31m  --packages=C:\
Users\[39m
[31m  abcde\.gemini\
antigr[39m
[31m  avity\scratch\
mock_i[39m
[31m  nvestment_app\
.dart_[39m
[31m  tool\package_c
onfig.[39m
[31m  json --cfe-onl
y[39m
[31m  C:\Users\abcde
\.gemi[39m
[31m  ni\antigravity
\scrat[39m
[31m  ch\mock_invest
ment_a[39m
[31m  pp\.dart_tool\
flutte[39m
[31m  r_build\38d319
61a0df[39m
[31m  8bf7e7bc338cf6
909dd0[39m
[31m  \main.dart[39
m
#0      RunResult.thr
owException (package:
flutter_tools/src/bas
e/process.dart:153:5)
#1      _DefaultProce
ssUtils.run (package:
flutter_tools/src/bas
e/process.dart:379:19
)
<asynchronous suspens
ion>
#2      Dart2JSTarget
.build (package:flutt
er_tools/src/build_sy
stem/targets/web.dart
:207:5)
<asynchronous suspens
ion>
#3      _BuildInstanc
e._invokeInternal (pa
ckage:flutter_tools/s
rc/build_system/build
_system.dart:895:9)
<asynchronous suspens
ion>
#4      Future.wait.<
anonymous closure> (d
art:async/future.dart
:546:21)
<asynchronous suspens
ion>
#5      _BuildInstanc
e.invokeTarget (packa
ge:flutter_tools/src/
build_system/build_sy
stem.dart:833:32)
<asynchronous suspens
ion>
#6      Future.wait.<
anonymous closure> (d
art:async/future.dart
:546:21)
<asynchronous suspens
ion>
#7      _BuildInstanc
e.invokeTarget (packa
ge:flutter_tools/src/
build_system/build_sy
stem.dart:833:32)
<asynchronous suspens
ion>
#8      FlutterBuildS
ystem.build (package:
flutter_tools/src/bui
ld_system/build_syste
m.dart:653:16)
<asynchronous suspens
ion>
#9      WebBuilder.bu
ildWeb (package:flutt
er_tools/src/web/comp
ile.dart:94:34)
<asynchronous suspens
ion>
#10     BuildWebComma
nd.runCommand (packag
e:flutter_tools/src/c
ommands/build_web.dar
t:296:5)
<asynchronous suspens
ion>
#11     FlutterComman
d.run.<anonymous clos
ure> (package:flutter
_tools/src/runner/flu
tter_command.dart:155
9:27)
<asynchronous suspens
ion>
#12     AppContext.ru
n.<anonymous closure>
 (package:flutter_too
ls/src/base/context.d
art:154:19)
<asynchronous suspens
ion>
#13     CommandRunner
.runCommand (package:
args/command_runner.d
art:212:13)
<asynchronous suspens
ion>
#14     FlutterComman
dRunner.runCommand.<a
nonymous closure> (pa
ckage:flutter_tools/s
rc/runner/flutter_com
mand_runner.dart:487:
9)
<asynchronous suspens
ion>
#15     AppContext.ru
n.<anonymous closure>
 (package:flutter_too
ls/src/base/context.d
art:154:19)
<asynchronous suspens
ion>
#16     FlutterComman
dRunner.runCommand (p
ackage:flutter_tools/
src/runner/flutter_co
mmand_runner.dart:422
:5)
<asynchronous suspens
ion>
#17     run.<anonymou
s closure>.<anonymous
 closure> (package:fl
utter_tools/runner.da
rt:104:11)
<asynchronous suspens
ion>
#18     AppContext.ru
n.<anonymous closure>
 (package:flutter_too
ls/src/base/context.d
art:154:19)
<asynchronous suspens
ion>
#19     main (package
:flutter_tools/execut
able.dart:103:3)
<asynchronous suspens
ion>

[31mError: Failed to
[39m
[31mcompile applicat
ion[39m
[31mfor the Web.[39
m
