Analyzing lib...

  error - screens\rankings_screen.dart:75:85 - The getter 'odId' isn't defined for the type 'User'. Try importing the library that defines 'odId', correcting the name to the name of an existing getter, or defining a getter or field named 'odId'. - undefined_getter
  error - screens\rankings_screen.dart:101:85 - The getter 'odId' isn't defined for the type 'User'. Try importing the library that defines 'odId', correcting the name to the name of an existing getter, or defining a getter or field named 'odId'. - undefined_getter
  error - screens\rankings_screen.dart:382:83 - The getter 'odId' isn't defined for the type 'User'. Try importing the library that defines 'odId', correcting the name to the name of an existing getter, or defining a getter or field named 'odId'. - undefined_getter

3 issues found.
